
> workflow-builder@0.0.0 start
> ng serve

[33m❯[39m Building...
[32m✔[39m Building...
[35mBrowser bundles[39m     
[1mInitial chunk files[22m [2m | [22m[1mNames[22m           [2m | [22m [1mRaw size[22m
[32mstyles.css[39m          [2m | [22m[2mstyles[22m          [2m | [22m[36m133.46 kB[39m[2m | [22m
[32mmain.js[39m             [2m | [22m[2mmain[22m            [2m | [22m [36m40.32 kB[39m[2m | [22m

[1m [22m                   [2m | [22m[1mInitial total[22m   [2m | [22m[1m173.78 kB[22m


[35mServer bundles[39m      
[1mInitial chunk files[22m [2m | [22m[1mNames[22m           [2m | [22m [1mRaw size[22m
[32mmain.server.mjs[39m     [2m | [22m[2mmain.server[22m     [2m | [22m [36m42.03 kB[39m[2m | [22m
[32mserver.mjs[39m          [2m | [22m[2mserver[22m          [2m | [22m  [36m5.21 kB[39m[2m | [22m
[32mpolyfills.server.mjs[39m[2m | [22m[2mpolyfills.server[22m[2m | [22m[36m268 bytes[39m[2m | [22m

Application bundle generation complete. [1.824 seconds] - 2026-06-07T09:45:16.671Z

[1m[33m[33m▲ [43;33m[[43;30mWARNING[43;33m][0m [1mNG8113: RouterOutlet is not used within the template of App[0m [1m[35m[plugin angular-compiler][0m

    src/app/app.ts:44:12:
[37m      44 │   imports: [[32mRouterOutlet[37m, NgClass],
         ╵             [32m~~~~~~~~~~~~[0m

[39m[22m
Watch mode enabled. Watching for file changes...
NOTE: Raw file sizes do not reflect development server per-request transformations.
  [32m➜[39m  [1mLocal[22m:   [36mhttp://localhost:[1m4200[22m/[39m
